IP Upgrade report for DE1_SoC
Fri Mar 07 18:06:44 2025
Quartus Prime Version 17.0.0 Build 595 04/25/2017 SJ Lite Edition


---------------------
; Table of Contents ;
---------------------
  1. Legal Notice
  2. IP Upgrade Summary
  3. Successfully Upgraded IP Components
  4. IP Upgrade Messages



----------------
; Legal Notice ;
----------------
Copyright (C) 2017  Intel Corporation. All rights reserved.
Your use of Intel Corporation's design tools, logic functions 
and other software and tools, and its AMPP partner logic 
functions, and any output files from any of the foregoing 
(including device programming or simulation files), and any 
associated documentation or information are expressly subject 
to the terms and conditions of the Intel Program License 
Subscription Agreement, the Intel Quartus Prime License Agreement,
the Intel MegaCore Function License Agreement, or other 
applicable license agreement, including, without limitation, 
that your use is for the sole purpose of programming logic 
devices manufactured by Intel and sold by Intel or its 
authorized distributors.  Please refer to the applicable 
agreement for further details.



+----------------------------------------------------------------------------+
; IP Upgrade Summary                                                         ;
+------------------------------+---------------------------------------------+
; IP Components Upgrade Status ; Passed - Fri Mar 07 18:06:44 2025           ;
; Quartus Prime Version        ; 17.0.0 Build 595 04/25/2017 SJ Lite Edition ;
; Revision Name                ; DE1_SoC                                     ;
; Top-level Entity Name        ; DE1_SoC                                     ;
; Family                       ; Cyclone V                                   ;
+------------------------------+---------------------------------------------+


+-----------------------------------------------------------------------------------------------------------------------------------------------+
; Successfully Upgraded IP Components                                                                                                           ;
+---------------+----------------+---------+------------------------------+----------------------------+------------------------------+---------+
; Entity Name   ; Component Name ; Version ; Original Source File         ; Generation File Path       ; New Source File              ; Message ;
+---------------+----------------+---------+------------------------------+----------------------------+------------------------------+---------+
; xck_generator ; altera_pll     ; 14.0    ; starterkit/xck_generator.qip ; starterkit/xck_generator.v ; starterkit/xck_generator.qip ;         ;
+---------------+----------------+---------+------------------------------+----------------------------+------------------------------+---------+


+---------------------+
; IP Upgrade Messages ;
+---------------------+
Info (11902): Backing up file "starterkit/xck_generator.v" to "starterkit/xck_generator.BAK.v"
Info (11837): Started upgrading IP component altera_pll with file "starterkit/xck_generator.v"
Info (11131): Completed upgrading IP component altera_pll with file "starterkit/xck_generator.v"
Info (23030): Evaluation of Tcl script c:/intelfpga_lite/17.0/quartus/common/tcl/internal/ip_regen/ip_regen.tcl was successful
Info: Quartus Prime Shell was successful. 0 errors, 0 warnings
    Info: Peak virtual memory: 4896 megabytes
    Info: Processing ended: Fri Mar 07 18:06:45 2025
    Info: Elapsed time: 00:00:54
    Info: Total CPU time (on all processors): 00:00:38


